###############################################################################
#
# IAR ELF Linker V7.60.1.11101/W32 for ARM                13/Mar/2017  20:25:23
# Copyright 2007-2016 IAR Systems AB.
#
#    Output file  =  
#        C:\Users\Goragod\Desktop\STM32F411_Nucleo\Project\sh1_temp_sensor\EWARM\Debug\Exe\STM32F411_NUCLEO_SH1.out
#    Map file     =  
#        C:\Users\Goragod\Desktop\STM32F411_Nucleo\Project\sh1_temp_sensor\EWARM\Debug\List\STM32F411_NUCLEO_SH1.map
#    Command line =  
#        C:\Users\Goragod\Desktop\STM32F411_Nucleo\Project\sh1_temp_sensor\EWARM\Debug\Obj\main.o
#        C:\Users\Goragod\Desktop\STM32F411_Nucleo\Project\sh1_temp_sensor\EWARM\Debug\Obj\misc.o
#        C:\Users\Goragod\Desktop\STM32F411_Nucleo\Project\sh1_temp_sensor\EWARM\Debug\Obj\startup_stm32f411xe.o
#        C:\Users\Goragod\Desktop\STM32F411_Nucleo\Project\sh1_temp_sensor\EWARM\Debug\Obj\stm32f4xx_gpio.o
#        C:\Users\Goragod\Desktop\STM32F411_Nucleo\Project\sh1_temp_sensor\EWARM\Debug\Obj\stm32f4xx_i2c.o
#        C:\Users\Goragod\Desktop\STM32F411_Nucleo\Project\sh1_temp_sensor\EWARM\Debug\Obj\stm32f4xx_it.o
#        C:\Users\Goragod\Desktop\STM32F411_Nucleo\Project\sh1_temp_sensor\EWARM\Debug\Obj\stm32f4xx_rcc.o
#        C:\Users\Goragod\Desktop\STM32F411_Nucleo\Project\sh1_temp_sensor\EWARM\Debug\Obj\stm32f4xx_spi.o
#        C:\Users\Goragod\Desktop\STM32F411_Nucleo\Project\sh1_temp_sensor\EWARM\Debug\Obj\stm32f4xx_syscfg.o
#        C:\Users\Goragod\Desktop\STM32F411_Nucleo\Project\sh1_temp_sensor\EWARM\Debug\Obj\system_stm32f4xx.o
#        -o
#        C:\Users\Goragod\Desktop\STM32F411_Nucleo\Project\sh1_temp_sensor\EWARM\Debug\Exe\STM32F411_NUCLEO_SH1.out
#        --redirect _Printf=_PrintfFull --redirect _Scanf=_ScanfFull --map
#        C:\Users\Goragod\Desktop\STM32F411_Nucleo\Project\sh1_temp_sensor\EWARM\Debug\List\STM32F411_NUCLEO_SH1.map
#        --config "C:\Program Files (x86)\IAR Systems\Embedded Workbench
#        7.4_2\arm\config\linker\ST\stm32f411xE.icf" --semihosting --entry
#        __iar_program_start --vfe
#
###############################################################################

*******************************************************************************
*** RUNTIME MODEL ATTRIBUTES
***

CppFlavor       = *
__SystemLibrary = DLib


*******************************************************************************
*** PLACEMENT SUMMARY
***

"A1":  place at 0x08000000 { ro section .intvec };
"P1":  place in [from 0x08000000 to 0x0807ffff] { ro };
"P2":  place in [from 0x20000000 to 0x2001ffff] { rw, block CSTACK, block HEAP };
initialize by copy { rw };

  Section            Kind        Address    Size  Object
  -------            ----        -------    ----  ------
"A1":                                      0x198
  .intvec            ro code  0x08000000   0x198  startup_stm32f411xe.o [1]
                            - 0x08000198   0x198

"P1":                                      0xee9
  .text              ro code  0x08000198   0x2d4  main.o [1]
  .text              ro code  0x0800046c    0x1c  I32ToDbl.o [4]
  .text              ro code  0x08000488   0x1a2  DblMul.o [4]
  .text              ro code  0x0800062c   0x180  DblSub.o [4]
  .text              ro code  0x080007ac    0x90  DblToFlt.o [4]
  .text              ro code  0x0800083c   0x158  stm32f4xx_rcc.o [1]
  .text              ro code  0x08000994   0x104  stm32f4xx_gpio.o [1]
  .text              ro code  0x08000a98   0x210  stm32f4xx_i2c.o [1]
  .text              ro code  0x08000ca8    0xd4  DblAdd.o [4]
  .text              ro code  0x08000d7c   0x100  system_stm32f4xx.o [1]
  .text              ro code  0x08000e7c    0x38  packbits_init_single.o [5]
  .text              ro code  0x08000eb4    0x28  data_init.o [5]
  .text              ro code  0x08000edc    0x22  fpinit_M.o [4]
  .iar.init_table    const    0x08000f00    0x10  - Linker created -
  .text              ro code  0x08000f10    0x1a  cmain.o [5]
  .text              ro code  0x08000f2a     0x4  low_level_init.o [3]
  .text              ro code  0x08000f2e     0x4  exit.o [3]
  .text              ro code  0x08000f34     0xa  cexit.o [5]
  .text              ro code  0x08000f40    0x14  exit.o [6]
  .text              ro code  0x08000f54    0x10  startup_stm32f411xe.o [1]
  .text              ro code  0x08000f64     0xc  stm32f4xx_it.o [1]
  .text              ro code  0x08000f70     0xc  cstartup_M.o [5]
  .text              ro code  0x08000f7c     0x4  startup_stm32f411xe.o [1]
  .text              ro code  0x08000f80     0x4  startup_stm32f411xe.o [1]
  .text              ro code  0x08000f84     0x4  startup_stm32f411xe.o [1]
  .text              ro code  0x08000f88     0x4  startup_stm32f411xe.o [1]
  .text              ro code  0x08000f8c     0x4  startup_stm32f411xe.o [1]
  .text              ro code  0x08000f90     0x4  startup_stm32f411xe.o [1]
  .text              ro code  0x08000f94     0x4  startup_stm32f411xe.o [1]
  .text              ro code  0x08000f98     0x4  startup_stm32f411xe.o [1]
  .text              ro code  0x08000f9c     0x4  startup_stm32f411xe.o [1]
  .text              ro code  0x08000fa0     0x4  startup_stm32f411xe.o [1]
  .text              ro code  0x08000fa4     0x4  startup_stm32f411xe.o [1]
  .text              ro code  0x08000fa8     0x4  startup_stm32f411xe.o [1]
  .text              ro code  0x08000fac     0x4  startup_stm32f411xe.o [1]
  .text              ro code  0x08000fb0     0x4  startup_stm32f411xe.o [1]
  .text              ro code  0x08000fb4     0x4  startup_stm32f411xe.o [1]
  .text              ro code  0x08000fb8     0x4  startup_stm32f411xe.o [1]
  .text              ro code  0x08000fbc     0x4  startup_stm32f411xe.o [1]
  .text              ro code  0x08000fc0     0x4  startup_stm32f411xe.o [1]
  .text              ro code  0x08000fc4     0x4  startup_stm32f411xe.o [1]
  .text              ro code  0x08000fc8     0x4  startup_stm32f411xe.o [1]
  .text              ro code  0x08000fcc     0x4  startup_stm32f411xe.o [1]
  .text              ro code  0x08000fd0     0x4  startup_stm32f411xe.o [1]
  .text              ro code  0x08000fd4     0x4  startup_stm32f411xe.o [1]
  .text              ro code  0x08000fd8     0x4  startup_stm32f411xe.o [1]
  .text              ro code  0x08000fdc     0x4  startup_stm32f411xe.o [1]
  .text              ro code  0x08000fe0     0x4  startup_stm32f411xe.o [1]
  .text              ro code  0x08000fe4     0x4  startup_stm32f411xe.o [1]
  .text              ro code  0x08000fe8     0x4  startup_stm32f411xe.o [1]
  .text              ro code  0x08000fec     0x4  startup_stm32f411xe.o [1]
  .text              ro code  0x08000ff0     0x4  startup_stm32f411xe.o [1]
  .text              ro code  0x08000ff4     0x4  startup_stm32f411xe.o [1]
  .text              ro code  0x08000ff8     0x4  startup_stm32f411xe.o [1]
  .text              ro code  0x08000ffc     0x4  startup_stm32f411xe.o [1]
  .text              ro code  0x08001000     0x4  startup_stm32f411xe.o [1]
  .text              ro code  0x08001004     0x4  startup_stm32f411xe.o [1]
  .text              ro code  0x08001008     0x4  startup_stm32f411xe.o [1]
  .text              ro code  0x0800100c     0x4  startup_stm32f411xe.o [1]
  .text              ro code  0x08001010     0x4  startup_stm32f411xe.o [1]
  .text              ro code  0x08001014     0x4  startup_stm32f411xe.o [1]
  .text              ro code  0x08001018     0x4  startup_stm32f411xe.o [1]
  .text              ro code  0x0800101c     0x4  startup_stm32f411xe.o [1]
  .text              ro code  0x08001020     0x4  startup_stm32f411xe.o [1]
  .text              ro code  0x08001024     0x4  startup_stm32f411xe.o [1]
  .text              ro code  0x08001028     0x4  startup_stm32f411xe.o [1]
  .text              ro code  0x0800102c     0x4  startup_stm32f411xe.o [1]
  .text              ro code  0x08001030     0x4  startup_stm32f411xe.o [1]
  .text              ro code  0x08001034     0x4  startup_stm32f411xe.o [1]
  .text              ro code  0x08001038     0x4  startup_stm32f411xe.o [1]
  .text              ro code  0x0800103c     0x4  startup_stm32f411xe.o [1]
  .text              ro code  0x08001040     0x4  startup_stm32f411xe.o [1]
  .text              ro code  0x08001044     0x4  startup_stm32f411xe.o [1]
  .text              ro code  0x08001048     0x4  startup_stm32f411xe.o [1]
  .text              ro code  0x0800104c     0x4  startup_stm32f411xe.o [1]
  .text              ro code  0x08001050     0x4  startup_stm32f411xe.o [1]
  .text              ro code  0x08001054     0x4  startup_stm32f411xe.o [1]
  .text              ro code  0x08001058     0x4  startup_stm32f411xe.o [1]
  .text              ro code  0x0800105c     0x4  startup_stm32f411xe.o [1]
  .text              ro code  0x08001060     0x4  startup_stm32f411xe.o [1]
  .text              ro code  0x08001064     0x4  startup_stm32f411xe.o [1]
  .text              ro code  0x08001068     0x4  startup_stm32f411xe.o [1]
  .rodata            const    0x0800106c     0x0  packbits_init_single.o [5]
  Initializer bytes  const    0x0800106c    0x15  <for P2-1>
                            - 0x08001081   0xee9

"P2", part 1 of 2:                          0x1f
  P2-1                        0x20000000    0x1f  <Init block>
    .data            inited   0x20000000    0x10  stm32f4xx_rcc.o [1]
    .data            inited   0x20000010     0x4  system_stm32f4xx.o [1]
    .bss             inited   0x20000014     0x4  main.o [1]
    .bss             inited   0x20000018     0x4  main.o [1]
    .bss             inited   0x2000001c     0x2  main.o [1]
    .bss             inited   0x2000001e     0x1  main.o [1]
                            - 0x2000001f    0x1f

"P2", part 2 of 2:                        0x2000
  CSTACK                      0x20000020  0x2000  <Block>
    CSTACK           uninit   0x20000020  0x2000  <Block tail>
                            - 0x20002020  0x2000


*******************************************************************************
*** INIT TABLE
***

          Address     Size
          -------     ----
Copy/packbits (__iar_packbits_init_single3)
    1 source range, total size 0x15 (67% of destination):
          0x0800106c  0x15
    1 destination range, total size 0x1f:
          0x20000000  0x1f



*******************************************************************************
*** MODULE SUMMARY
***

    Module                  ro code  ro data  rw data
    ------                  -------  -------  -------
C:\Users\Goragod\Desktop\STM32F411_Nucleo\Project\sh1_temp_sensor\EWARM\Debug\Obj: [1]
    main.o                      724        8       11
    startup_stm32f411xe.o       664
    stm32f4xx_gpio.o            260
    stm32f4xx_i2c.o             528
    stm32f4xx_it.o               12
    stm32f4xx_rcc.o             344       10       16
    system_stm32f4xx.o          256        3        4
    -------------------------------------------------
    Total:                    2 788       21       31

command line: [2]
    -------------------------------------------------
    Total:

dl7M_tln.a: [3]
    exit.o                        4
    low_level_init.o              4
    -------------------------------------------------
    Total:                        8

m7M_tls.a: [4]
    DblAdd.o                    212
    DblMul.o                    418
    DblSub.o                    384
    DblToFlt.o                  144
    I32ToDbl.o                   28
    fpinit_M.o                   34
    -------------------------------------------------
    Total:                    1 220

rt7M_tl.a: [5]
    cexit.o                      10
    cmain.o                      26
    cstartup_M.o                 12
    data_init.o                  40
    packbits_init_single.o       56
    -------------------------------------------------
    Total:                      144

shb_l.a: [6]
    exit.o                       20
    -------------------------------------------------
    Total:                       20

    Gaps                          6        2
    Linker created                        16    8 192
-----------------------------------------------------
    Grand Total:              4 186       39    8 223


*******************************************************************************
*** ENTRY LIST
***

Entry                      Address   Size  Type      Object
-----                      -------   ----  ----      ------
.iar.init_table$$Base   0x08000f00          --   Gb  - Linker created -
.iar.init_table$$Limit  0x08000f10          --   Gb  - Linker created -
?main                   0x08000f11         Code  Gb  cmain.o [5]
APBAHBPrescTable        0x20000000   0x10  Data  Lc  stm32f4xx_rcc.o [1]
BusFault_Handler        0x08000f6b    0x2  Code  Gb  stm32f4xx_it.o [1]
CSTACK$$Base            0x20000020          --   Gb  - Linker created -
CSTACK$$Limit           0x20002020          --   Gb  - Linker created -
DebugMon_Handler        0x08000f6f    0x2  Code  Gb  stm32f4xx_it.o [1]
Delay                   0x080001ef   0x2a  Code  Gb  main.o [1]
GPIO_Init               0x08000995   0xaa  Code  Gb  stm32f4xx_gpio.o [1]
GPIO_PinAFConfig        0x08000a3f   0x5a  Code  Gb  stm32f4xx_gpio.o [1]
HardFault_Handler       0x08000f67    0x2  Code  Gb  stm32f4xx_it.o [1]
I2C_AcknowledgeConfig   0x08000c03   0x1c  Code  Gb  stm32f4xx_i2c.o [1]
I2C_CheckEvent          0x08000c2b   0x38  Code  Gb  stm32f4xx_i2c.o [1]
I2C_Cmd                 0x08000b99   0x1c  Code  Gb  stm32f4xx_i2c.o [1]
I2C_GenerateSTART       0x08000bb5   0x1c  Code  Gb  stm32f4xx_i2c.o [1]
I2C_GenerateSTOP        0x08000bd1   0x1c  Code  Gb  stm32f4xx_i2c.o [1]
I2C_GetFlagStatus       0x08000c63   0x46  Code  Gb  stm32f4xx_i2c.o [1]
I2C_Init                0x08000a99   0xf2  Code  Gb  stm32f4xx_i2c.o [1]
I2C_ReceiveData         0x08000c25    0x6  Code  Gb  stm32f4xx_i2c.o [1]
I2C_Send7bitAddress     0x08000bed   0x16  Code  Gb  stm32f4xx_i2c.o [1]
I2C_SendData            0x08000c1f    0x6  Code  Gb  stm32f4xx_i2c.o [1]
I2C_read_ack            0x080003bb   0x22  Code  Gb  main.o [1]
I2C_read_nack           0x080003dd   0x2a  Code  Gb  main.o [1]
I2C_start               0x08000335   0x68  Code  Gb  main.o [1]
I2C_stop                0x08000407    0xe  Code  Gb  main.o [1]
I2C_write               0x0800039d   0x1e  Code  Gb  main.o [1]
MemManage_Handler       0x08000f69    0x2  Code  Gb  stm32f4xx_it.o [1]
NMI_Handler             0x08000f65    0x2  Code  Gb  stm32f4xx_it.o [1]
NVIC_SetPriority        0x08000199   0x26  Code  Lc  main.o [1]
RCC_AHB1PeriphClockCmd  0x0800093d   0x1e  Code  Gb  stm32f4xx_rcc.o [1]
RCC_APB1PeriphClockCmd  0x0800095b   0x1e  Code  Gb  stm32f4xx_rcc.o [1]
RCC_GetClocksFreq       0x0800083d  0x100  Code  Gb  stm32f4xx_rcc.o [1]
Region$$Table$$Base     0x08000f00          --   Gb  - Linker created -
Region$$Table$$Limit    0x08000f10          --   Gb  - Linker created -
SetSysClock             0x08000dcf   0x7c  Code  Lc  system_stm32f4xx.o [1]
SysTick_Config          0x080001bf   0x30  Code  Lc  main.o [1]
SystemCoreClock         0x20000010    0x4  Data  Gb  system_stm32f4xx.o [1]
SystemInit              0x08000d7d   0x52  Code  Gb  system_stm32f4xx.o [1]
UsageFault_Handler      0x08000f6d    0x2  Code  Gb  stm32f4xx_it.o [1]
__aeabi_d2f             0x080007ad         Code  Gb  DblToFlt.o [4]
__aeabi_dmul            0x08000489         Code  Gb  DblMul.o [4]
__aeabi_dsub            0x0800062d         Code  Gb  DblSub.o [4]
__aeabi_ui2d            0x0800046d         Code  Gb  I32ToDbl.o [4]
__cmain                 0x08000f11         Code  Gb  cmain.o [5]
__exit                  0x08000f41   0x14  Code  Gb  exit.o [6]
__iar_dadd              0x08000ca9         Code  Gb  DblAdd.o [4]
__iar_data_init3        0x08000eb5   0x28  Code  Gb  data_init.o [5]
__iar_dsub              0x08000641         Code  Gb  DblSub.o [4]
__iar_dsubStart         0x08000653         Code  Gb  DblSub.o [4]
__iar_init_vfp          0x08000edd         Code  Gb  fpinit_M.o [4]
__iar_packbits_init_single3
                        0x08000e7d   0x38  Code  Gb  packbits_init_single.o [5]
__iar_program_start     0x08000f71         Code  Gb  cstartup_M.o [5]
__iar_ui2d              0x08000471         Code  Gb  I32ToDbl.o [4]
__low_level_init        0x08000f2b    0x4  Code  Gb  low_level_init.o [3]
__vector_table          0x08000000         Data  Gb  startup_stm32f411xe.o [1]
_call_main              0x08000f1d         Code  Gb  cmain.o [5]
_exit                   0x08000f35         Code  Gb  cexit.o [5]
_main                   0x08000f27         Code  Gb  cmain.o [5]
check_sum               0x2000001e    0x1  Data  Gb  main.o [1]
convert_temp            0x20000018    0x4  Data  Gb  main.o [1]
exit                    0x08000f2f    0x4  Code  Gb  exit.o [3]
init_I2C                0x080002ab   0x8a  Code  Gb  main.o [1]
main                    0x08000219   0x92  Code  Gb  main.o [1]
temp_data               0x2000001c    0x2  Data  Gb  main.o [1]
time_delay              0x20000014    0x4  Data  Gb  main.o [1]


[1] = C:\Users\Goragod\Desktop\STM32F411_Nucleo\Project\sh1_temp_sensor\EWARM\Debug\Obj
[2] = command line
[3] = dl7M_tln.a
[4] = m7M_tls.a
[5] = rt7M_tl.a
[6] = shb_l.a

  4 186 bytes of readonly  code memory
     39 bytes of readonly  data memory
  8 223 bytes of readwrite data memory

Errors: none
Warnings: none
